// Jest Snapshot v1, https://goo.gl/fbAQLP

exports[`Interest should render without crashing 1`] = `
<li>
  <span
    className="bold"
  >
    Board Games
  </span>
  : 
  Monopoly, Settlers of Catans, Cards Against Humanity
</li>
`;
