// Jest Snapshot v1, https://goo.gl/fbAQLP

exports[`Education should render without crashing 1`] = `
<div
  className="box education"
>
  <h3>
    Education
  </h3>
  <School
    description="BSc Computer Science (web services, infographic
      and artificial intelligence)"
    graduation_year={2008}
    key="0"
    location="Brussels, Belgium"
    school="Paul Lambin Institute"
  />
  <School
    description="Sciences and mathematics"
    graduation_year={2005}
    key="1"
    location="Waterloo, Belgium"
    school="High School \\"LycÃ©e de Berlaymont\\""
  />
</div>
`;
