// Jest Snapshot v1, https://goo.gl/fbAQLP

exports[`Hello should render without crashing 1`] = `
<div
  className="box hello"
>
  <h3>
    Hello
  </h3>
  <p>
    I am a dynamic and capable JavaScript engineer with multiple years of experience in development and maintenance of applications. I also have experience hiring, training and mentoring teams. My favourite framework is React.
  </p>
</div>
`;
