// Jest Snapshot v1, https://goo.gl/fbAQLP

exports[`PrintDivider should render without crashing 1`] = `
<div
  className="print-divider"
>
  <div
    className="print-divider-page-1"
    dangerouslySetInnerHTML={
      Object {
        "__html": "<div><svg height=\\"8\\" width=\\"8\\"><circle cx=\\"4\\" cy=\\"4\\" r=\\"2\\" class=\\"dot\\"/></svg></div><div><svg height=\\"8\\" width=\\"8\\"><circle cx=\\"4\\" cy=\\"4\\" r=\\"2\\" class=\\"dot\\"/></svg></div><div><svg height=\\"8\\" width=\\"8\\"><circle cx=\\"4\\" cy=\\"4\\" r=\\"2\\" class=\\"dot\\"/></svg></div><div><svg height=\\"8\\" width=\\"8\\"><circle cx=\\"4\\" cy=\\"4\\" r=\\"2\\" class=\\"dot\\"/></svg></div><div><svg height=\\"8\\" width=\\"8\\"><circle cx=\\"4\\" cy=\\"4\\" r=\\"2\\" class=\\"dot\\"/></svg></div><div><svg height=\\"8\\" width=\\"8\\"><circle cx=\\"4\\" cy=\\"4\\" r=\\"2\\" class=\\"dot\\"/></svg></div><div><svg height=\\"8\\" width=\\"8\\"><circle cx=\\"4\\" cy=\\"4\\" r=\\"2\\" class=\\"dot\\"/></svg></div><div><svg height=\\"8\\" width=\\"8\\"><circle cx=\\"4\\" cy=\\"4\\" r=\\"2\\" class=\\"dot\\"/></svg></div><div><svg height=\\"8\\" width=\\"8\\"><circle cx=\\"4\\" cy=\\"4\\" r=\\"2\\" class=\\"dot\\"/></svg></div><div><svg height=\\"8\\" width=\\"8\\"><circle cx=\\"4\\" cy=\\"4\\" r=\\"2\\" class=\\"dot\\"/></svg></div><div><svg height=\\"8\\" width=\\"8\\"><circle cx=\\"4\\" cy=\\"4\\" r=\\"2\\" class=\\"dot\\"/></svg></div><div><svg height=\\"8\\" width=\\"8\\"><circle cx=\\"4\\" cy=\\"4\\" r=\\"2\\" class=\\"dot\\"/></svg></div><div><svg height=\\"8\\" width=\\"8\\"><circle cx=\\"4\\" cy=\\"4\\" r=\\"2\\" class=\\"dot\\"/></svg></div><div><svg height=\\"8\\" width=\\"8\\"><circle cx=\\"4\\" cy=\\"4\\" r=\\"2\\" class=\\"dot\\"/></svg></div><div><svg height=\\"8\\" width=\\"8\\"><circle cx=\\"4\\" cy=\\"4\\" r=\\"2\\" class=\\"dot\\"/></svg></div><div><svg height=\\"8\\" width=\\"8\\"><circle cx=\\"4\\" cy=\\"4\\" r=\\"2\\" class=\\"dot\\"/></svg></div><div><svg height=\\"8\\" width=\\"8\\"><circle cx=\\"4\\" cy=\\"4\\" r=\\"2\\" class=\\"dot\\"/></svg></div><div><svg height=\\"8\\" width=\\"8\\"><circle cx=\\"4\\" cy=\\"4\\" r=\\"2\\" class=\\"dot\\"/></svg></div><div><svg height=\\"8\\" width=\\"8\\"><circle cx=\\"4\\" cy=\\"4\\" r=\\"2\\" class=\\"dot\\"/></svg></div><div><svg height=\\"8\\" width=\\"8\\"><circle cx=\\"4\\" cy=\\"4\\" r=\\"2\\" class=\\"dot\\"/></svg></div><div><svg height=\\"8\\" width=\\"8\\"><circle cx=\\"4\\" cy=\\"4\\" r=\\"2\\" class=\\"dot\\"/></svg></div><div><svg height=\\"8\\" width=\\"8\\"><circle cx=\\"4\\" cy=\\"4\\" r=\\"2\\" class=\\"dot\\"/></svg></div><div><svg height=\\"8\\" width=\\"8\\"><circle cx=\\"4\\" cy=\\"4\\" r=\\"2\\" class=\\"dot\\"/></svg></div><div><svg height=\\"8\\" width=\\"8\\"><circle cx=\\"4\\" cy=\\"4\\" r=\\"2\\" class=\\"dot\\"/></svg></div><div><svg height=\\"8\\" width=\\"8\\"><circle cx=\\"4\\" cy=\\"4\\" r=\\"2\\" class=\\"dot\\"/></svg></div><div><svg height=\\"8\\" width=\\"8\\"><circle cx=\\"4\\" cy=\\"4\\" r=\\"2\\" class=\\"dot\\"/></svg></div><div><svg height=\\"8\\" width=\\"8\\"><circle cx=\\"4\\" cy=\\"4\\" r=\\"2\\" class=\\"dot\\"/></svg></div><div><svg height=\\"8\\" width=\\"8\\"><circle cx=\\"4\\" cy=\\"4\\" r=\\"2\\" class=\\"dot\\"/></svg></div><div><svg height=\\"8\\" width=\\"8\\"><circle cx=\\"4\\" cy=\\"4\\" r=\\"2\\" class=\\"dot\\"/></svg></div><div><svg height=\\"8\\" width=\\"8\\"><circle cx=\\"4\\" cy=\\"4\\" r=\\"2\\" class=\\"dot\\"/></svg></div><div><svg height=\\"8\\" width=\\"8\\"><circle cx=\\"4\\" cy=\\"4\\" r=\\"2\\" class=\\"dot\\"/></svg></div><div><svg height=\\"8\\" width=\\"8\\"><circle cx=\\"4\\" cy=\\"4\\" r=\\"2\\" class=\\"dot\\"/></svg></div><div><svg height=\\"8\\" width=\\"8\\"><circle cx=\\"4\\" cy=\\"4\\" r=\\"2\\" class=\\"dot\\"/></svg></div><div><svg height=\\"8\\" width=\\"8\\"><circle cx=\\"4\\" cy=\\"4\\" r=\\"2\\" class=\\"dot\\"/></svg></div><div><svg height=\\"8\\" width=\\"8\\"><circle cx=\\"4\\" cy=\\"4\\" r=\\"2\\" class=\\"dot\\"/></svg></div><div><svg height=\\"8\\" width=\\"8\\"><circle cx=\\"4\\" cy=\\"4\\" r=\\"2\\" class=\\"dot\\"/></svg></div><div><svg height=\\"8\\" width=\\"8\\"><circle cx=\\"4\\" cy=\\"4\\" r=\\"2\\" class=\\"dot\\"/></svg></div><div><svg height=\\"8\\" width=\\"8\\"><circle cx=\\"4\\" cy=\\"4\\" r=\\"2\\" class=\\"dot\\"/></svg></div><div><svg height=\\"8\\" width=\\"8\\"><circle cx=\\"4\\" cy=\\"4\\" r=\\"2\\" class=\\"dot\\"/></svg></div><div><svg height=\\"8\\" width=\\"8\\"><circle cx=\\"4\\" cy=\\"4\\" r=\\"2\\" class=\\"dot\\"/></svg></div><div><svg height=\\"8\\" width=\\"8\\"><circle cx=\\"4\\" cy=\\"4\\" r=\\"2\\" class=\\"dot\\"/></svg></div><div><svg height=\\"8\\" width=\\"8\\"><circle cx=\\"4\\" cy=\\"4\\" r=\\"2\\" class=\\"dot\\"/></svg></div><div><svg height=\\"8\\" width=\\"8\\"><circle cx=\\"4\\" cy=\\"4\\" r=\\"2\\" class=\\"dot\\"/></svg></div><div><svg height=\\"8\\" width=\\"8\\"><circle cx=\\"4\\" cy=\\"4\\" r=\\"2\\" class=\\"dot\\"/></svg></div><div><svg height=\\"8\\" width=\\"8\\"><circle cx=\\"4\\" cy=\\"4\\" r=\\"2\\" class=\\"dot\\"/></svg></div><div><svg height=\\"8\\" width=\\"8\\"><circle cx=\\"4\\" cy=\\"4\\" r=\\"2\\" class=\\"dot\\"/></svg></div><div><svg height=\\"8\\" width=\\"8\\"><circle cx=\\"4\\" cy=\\"4\\" r=\\"2\\" class=\\"dot\\"/></svg></div><div><svg height=\\"8\\" width=\\"8\\"><circle cx=\\"4\\" cy=\\"4\\" r=\\"2\\" class=\\"dot\\"/></svg></div><div><svg height=\\"8\\" width=\\"8\\"><circle cx=\\"4\\" cy=\\"4\\" r=\\"2\\" class=\\"dot\\"/></svg></div><div><svg height=\\"8\\" width=\\"8\\"><circle cx=\\"4\\" cy=\\"4\\" r=\\"2\\" class=\\"dot\\"/></svg></div><div><svg height=\\"8\\" width=\\"8\\"><circle cx=\\"4\\" cy=\\"4\\" r=\\"2\\" class=\\"dot\\"/></svg></div><div><svg height=\\"8\\" width=\\"8\\"><circle cx=\\"4\\" cy=\\"4\\" r=\\"2\\" class=\\"dot\\"/></svg></div><div><svg height=\\"8\\" width=\\"8\\"><circle cx=\\"4\\" cy=\\"4\\" r=\\"2\\" class=\\"dot\\"/></svg></div><div><svg height=\\"8\\" width=\\"8\\"><circle cx=\\"4\\" cy=\\"4\\" r=\\"2\\" class=\\"dot\\"/></svg></div><div><svg height=\\"8\\" width=\\"8\\"><circle cx=\\"4\\" cy=\\"4\\" r=\\"2\\" class=\\"dot\\"/></svg></div><div><svg height=\\"8\\" width=\\"8\\"><circle cx=\\"4\\" cy=\\"4\\" r=\\"2\\" class=\\"dot\\"/></svg></div><div><svg height=\\"8\\" width=\\"8\\"><circle cx=\\"4\\" cy=\\"4\\" r=\\"2\\" class=\\"dot\\"/></svg></div><div><svg height=\\"8\\" width=\\"8\\"><circle cx=\\"4\\" cy=\\"4\\" r=\\"2\\" class=\\"dot\\"/></svg></div><div><svg height=\\"8\\" width=\\"8\\"><circle cx=\\"4\\" cy=\\"4\\" r=\\"2\\" class=\\"dot\\"/></svg></div><div><svg height=\\"8\\" width=\\"8\\"><circle cx=\\"4\\" cy=\\"4\\" r=\\"2\\" class=\\"dot\\"/></svg></div><div><svg height=\\"8\\" width=\\"8\\"><circle cx=\\"4\\" cy=\\"4\\" r=\\"2\\" class=\\"dot\\"/></svg></div><div><svg height=\\"8\\" width=\\"8\\"><circle cx=\\"4\\" cy=\\"4\\" r=\\"2\\" class=\\"dot\\"/></svg></div><div><svg height=\\"8\\" width=\\"8\\"><circle cx=\\"4\\" cy=\\"4\\" r=\\"2\\" class=\\"dot\\"/></svg></div><div><svg height=\\"8\\" width=\\"8\\"><circle cx=\\"4\\" cy=\\"4\\" r=\\"2\\" class=\\"dot\\"/></svg></div><div><svg height=\\"8\\" width=\\"8\\"><circle cx=\\"4\\" cy=\\"4\\" r=\\"2\\" class=\\"dot\\"/></svg></div><div><svg height=\\"8\\" width=\\"8\\"><circle cx=\\"4\\" cy=\\"4\\" r=\\"2\\" class=\\"dot\\"/></svg></div><div><svg height=\\"8\\" width=\\"8\\"><circle cx=\\"4\\" cy=\\"4\\" r=\\"2\\" class=\\"dot\\"/></svg></div><div><svg height=\\"8\\" width=\\"8\\"><circle cx=\\"4\\" cy=\\"4\\" r=\\"2\\" class=\\"dot\\"/></svg></div><div><svg height=\\"8\\" width=\\"8\\"><circle cx=\\"4\\" cy=\\"4\\" r=\\"2\\" class=\\"dot\\"/></svg></div><div><svg height=\\"8\\" width=\\"8\\"><circle cx=\\"4\\" cy=\\"4\\" r=\\"2\\" class=\\"dot\\"/></svg></div><div><svg height=\\"8\\" width=\\"8\\"><circle cx=\\"4\\" cy=\\"4\\" r=\\"2\\" class=\\"dot\\"/></svg></div><div><svg height=\\"8\\" width=\\"8\\"><circle cx=\\"4\\" cy=\\"4\\" r=\\"2\\" class=\\"dot\\"/></svg></div><div><svg height=\\"8\\" width=\\"8\\"><circle cx=\\"4\\" cy=\\"4\\" r=\\"2\\" class=\\"dot\\"/></svg></div><div><svg height=\\"8\\" width=\\"8\\"><circle cx=\\"4\\" cy=\\"4\\" r=\\"2\\" class=\\"dot\\"/></svg></div><div><svg height=\\"8\\" width=\\"8\\"><circle cx=\\"4\\" cy=\\"4\\" r=\\"2\\" class=\\"dot\\"/></svg></div><div><svg height=\\"8\\" width=\\"8\\"><circle cx=\\"4\\" cy=\\"4\\" r=\\"2\\" class=\\"dot\\"/></svg></div><div><svg height=\\"8\\" width=\\"8\\"><circle cx=\\"4\\" cy=\\"4\\" r=\\"2\\" class=\\"dot\\"/></svg></div><div><svg height=\\"8\\" width=\\"8\\"><circle cx=\\"4\\" cy=\\"4\\" r=\\"2\\" class=\\"dot\\"/></svg></div><div><svg height=\\"8\\" width=\\"8\\"><circle cx=\\"4\\" cy=\\"4\\" r=\\"2\\" class=\\"dot\\"/></svg></div><div><svg height=\\"8\\" width=\\"8\\"><circle cx=\\"4\\" cy=\\"4\\" r=\\"2\\" class=\\"dot\\"/></svg></div><div><svg height=\\"8\\" width=\\"8\\"><circle cx=\\"4\\" cy=\\"4\\" r=\\"2\\" class=\\"dot\\"/></svg></div><div><svg height=\\"8\\" width=\\"8\\"><circle cx=\\"4\\" cy=\\"4\\" r=\\"2\\" class=\\"dot\\"/></svg></div><div><svg height=\\"8\\" width=\\"8\\"><circle cx=\\"4\\" cy=\\"4\\" r=\\"2\\" class=\\"dot\\"/></svg></div><div><svg height=\\"8\\" width=\\"8\\"><circle cx=\\"4\\" cy=\\"4\\" r=\\"2\\" class=\\"dot\\"/></svg></div><div><svg height=\\"8\\" width=\\"8\\"><circle cx=\\"4\\" cy=\\"4\\" r=\\"2\\" class=\\"dot\\"/></svg></div><div><svg height=\\"8\\" width=\\"8\\"><circle cx=\\"4\\" cy=\\"4\\" r=\\"2\\" class=\\"dot\\"/></svg></div><div><svg height=\\"8\\" width=\\"8\\"><circle cx=\\"4\\" cy=\\"4\\" r=\\"2\\" class=\\"dot\\"/></svg></div><div><svg height=\\"8\\" width=\\"8\\"><circle cx=\\"4\\" cy=\\"4\\" r=\\"2\\" class=\\"dot\\"/></svg></div><div><svg height=\\"8\\" width=\\"8\\"><circle cx=\\"4\\" cy=\\"4\\" r=\\"2\\" class=\\"dot\\"/></svg></div><div><svg height=\\"8\\" width=\\"8\\"><circle cx=\\"4\\" cy=\\"4\\" r=\\"2\\" class=\\"dot\\"/></svg></div><div><svg height=\\"8\\" width=\\"8\\"><circle cx=\\"4\\" cy=\\"4\\" r=\\"2\\" class=\\"dot\\"/></svg></div><div><svg height=\\"8\\" width=\\"8\\"><circle cx=\\"4\\" cy=\\"4\\" r=\\"2\\" class=\\"dot\\"/></svg></div><div><svg height=\\"8\\" width=\\"8\\"><circle cx=\\"4\\" cy=\\"4\\" r=\\"2\\" class=\\"dot\\"/></svg></div><div><svg height=\\"8\\" width=\\"8\\"><circle cx=\\"4\\" cy=\\"4\\" r=\\"2\\" class=\\"dot\\"/></svg></div><div><svg height=\\"8\\" width=\\"8\\"><circle cx=\\"4\\" cy=\\"4\\" r=\\"2\\" class=\\"dot\\"/></svg></div><div><svg height=\\"8\\" width=\\"8\\"><circle cx=\\"4\\" cy=\\"4\\" r=\\"2\\" class=\\"dot\\"/></svg></div><div><svg height=\\"8\\" width=\\"8\\"><circle cx=\\"4\\" cy=\\"4\\" r=\\"2\\" class=\\"dot\\"/></svg></div>",
      }
    }
  />
  <svg
    height="27"
    width="20"
  >
    <polygon
      className="triangle-down"
      points="0,0 20,0 10,13"
    />
  </svg>
  <div
    className="continued"
  >
    Continued
  </div>
  <div
    className="name-repeat"
  >
    <span
      className="secondary"
    >
      Cathleen
    </span>
     Ghenne
  </div>
  <div
    className="title-repeat"
  >
    Experience
  </div>
  <svg
    className="triangle"
    height="34"
    width="20"
  >
    <polygon
      className="triangle-up"
      points="10,21 20,34 0,34"
    />
  </svg>
  <div
    className="print-divider-page-2"
    dangerouslySetInnerHTML={
      Object {
        "__html": "<div><svg height=\\"8\\" width=\\"8\\"><circle cx=\\"4\\" cy=\\"4\\" r=\\"2\\" class=\\"dot\\"/></svg></div><div><svg height=\\"8\\" width=\\"8\\"><circle cx=\\"4\\" cy=\\"4\\" r=\\"2\\" class=\\"dot\\"/></svg></div><div><svg height=\\"8\\" width=\\"8\\"><circle cx=\\"4\\" cy=\\"4\\" r=\\"2\\" class=\\"dot\\"/></svg></div><div><svg height=\\"8\\" width=\\"8\\"><circle cx=\\"4\\" cy=\\"4\\" r=\\"2\\" class=\\"dot\\"/></svg></div><div><svg height=\\"8\\" width=\\"8\\"><circle cx=\\"4\\" cy=\\"4\\" r=\\"2\\" class=\\"dot\\"/></svg></div><div><svg height=\\"8\\" width=\\"8\\"><circle cx=\\"4\\" cy=\\"4\\" r=\\"2\\" class=\\"dot\\"/></svg></div><div><svg height=\\"8\\" width=\\"8\\"><circle cx=\\"4\\" cy=\\"4\\" r=\\"2\\" class=\\"dot\\"/></svg></div><div><svg height=\\"8\\" width=\\"8\\"><circle cx=\\"4\\" cy=\\"4\\" r=\\"2\\" class=\\"dot\\"/></svg></div><div><svg height=\\"8\\" width=\\"8\\"><circle cx=\\"4\\" cy=\\"4\\" r=\\"2\\" class=\\"dot\\"/></svg></div><div><svg height=\\"8\\" width=\\"8\\"><circle cx=\\"4\\" cy=\\"4\\" r=\\"2\\" class=\\"dot\\"/></svg></div><div><svg height=\\"8\\" width=\\"8\\"><circle cx=\\"4\\" cy=\\"4\\" r=\\"2\\" class=\\"dot\\"/></svg></div><div><svg height=\\"8\\" width=\\"8\\"><circle cx=\\"4\\" cy=\\"4\\" r=\\"2\\" class=\\"dot\\"/></svg></div><div><svg height=\\"8\\" width=\\"8\\"><circle cx=\\"4\\" cy=\\"4\\" r=\\"2\\" class=\\"dot\\"/></svg></div><div><svg height=\\"8\\" width=\\"8\\"><circle cx=\\"4\\" cy=\\"4\\" r=\\"2\\" class=\\"dot\\"/></svg></div><div><svg height=\\"8\\" width=\\"8\\"><circle cx=\\"4\\" cy=\\"4\\" r=\\"2\\" class=\\"dot\\"/></svg></div><div><svg height=\\"8\\" width=\\"8\\"><circle cx=\\"4\\" cy=\\"4\\" r=\\"2\\" class=\\"dot\\"/></svg></div><div><svg height=\\"8\\" width=\\"8\\"><circle cx=\\"4\\" cy=\\"4\\" r=\\"2\\" class=\\"dot\\"/></svg></div><div><svg height=\\"8\\" width=\\"8\\"><circle cx=\\"4\\" cy=\\"4\\" r=\\"2\\" class=\\"dot\\"/></svg></div><div><svg height=\\"8\\" width=\\"8\\"><circle cx=\\"4\\" cy=\\"4\\" r=\\"2\\" class=\\"dot\\"/></svg></div><div><svg height=\\"8\\" width=\\"8\\"><circle cx=\\"4\\" cy=\\"4\\" r=\\"2\\" class=\\"dot\\"/></svg></div><div><svg height=\\"8\\" width=\\"8\\"><circle cx=\\"4\\" cy=\\"4\\" r=\\"2\\" class=\\"dot\\"/></svg></div><div><svg height=\\"8\\" width=\\"8\\"><circle cx=\\"4\\" cy=\\"4\\" r=\\"2\\" class=\\"dot\\"/></svg></div><div><svg height=\\"8\\" width=\\"8\\"><circle cx=\\"4\\" cy=\\"4\\" r=\\"2\\" class=\\"dot\\"/></svg></div><div><svg height=\\"8\\" width=\\"8\\"><circle cx=\\"4\\" cy=\\"4\\" r=\\"2\\" class=\\"dot\\"/></svg></div><div><svg height=\\"8\\" width=\\"8\\"><circle cx=\\"4\\" cy=\\"4\\" r=\\"2\\" class=\\"dot\\"/></svg></div><div><svg height=\\"8\\" width=\\"8\\"><circle cx=\\"4\\" cy=\\"4\\" r=\\"2\\" class=\\"dot\\"/></svg></div><div><svg height=\\"8\\" width=\\"8\\"><circle cx=\\"4\\" cy=\\"4\\" r=\\"2\\" class=\\"dot\\"/></svg></div><div><svg height=\\"8\\" width=\\"8\\"><circle cx=\\"4\\" cy=\\"4\\" r=\\"2\\" class=\\"dot\\"/></svg></div><div><svg height=\\"8\\" width=\\"8\\"><circle cx=\\"4\\" cy=\\"4\\" r=\\"2\\" class=\\"dot\\"/></svg></div><div><svg height=\\"8\\" width=\\"8\\"><circle cx=\\"4\\" cy=\\"4\\" r=\\"2\\" class=\\"dot\\"/></svg></div><div><svg height=\\"8\\" width=\\"8\\"><circle cx=\\"4\\" cy=\\"4\\" r=\\"2\\" class=\\"dot\\"/></svg></div><div><svg height=\\"8\\" width=\\"8\\"><circle cx=\\"4\\" cy=\\"4\\" r=\\"2\\" class=\\"dot\\"/></svg></div><div><svg height=\\"8\\" width=\\"8\\"><circle cx=\\"4\\" cy=\\"4\\" r=\\"2\\" class=\\"dot\\"/></svg></div><div><svg height=\\"8\\" width=\\"8\\"><circle cx=\\"4\\" cy=\\"4\\" r=\\"2\\" class=\\"dot\\"/></svg></div><div><svg height=\\"8\\" width=\\"8\\"><circle cx=\\"4\\" cy=\\"4\\" r=\\"2\\" class=\\"dot\\"/></svg></div><div><svg height=\\"8\\" width=\\"8\\"><circle cx=\\"4\\" cy=\\"4\\" r=\\"2\\" class=\\"dot\\"/></svg></div><div><svg height=\\"8\\" width=\\"8\\"><circle cx=\\"4\\" cy=\\"4\\" r=\\"2\\" class=\\"dot\\"/></svg></div><div><svg height=\\"8\\" width=\\"8\\"><circle cx=\\"4\\" cy=\\"4\\" r=\\"2\\" class=\\"dot\\"/></svg></div><div><svg height=\\"8\\" width=\\"8\\"><circle cx=\\"4\\" cy=\\"4\\" r=\\"2\\" class=\\"dot\\"/></svg></div><div><svg height=\\"8\\" width=\\"8\\"><circle cx=\\"4\\" cy=\\"4\\" r=\\"2\\" class=\\"dot\\"/></svg></div><div><svg height=\\"8\\" width=\\"8\\"><circle cx=\\"4\\" cy=\\"4\\" r=\\"2\\" class=\\"dot\\"/></svg></div><div><svg height=\\"8\\" width=\\"8\\"><circle cx=\\"4\\" cy=\\"4\\" r=\\"2\\" class=\\"dot\\"/></svg></div><div><svg height=\\"8\\" width=\\"8\\"><circle cx=\\"4\\" cy=\\"4\\" r=\\"2\\" class=\\"dot\\"/></svg></div><div><svg height=\\"8\\" width=\\"8\\"><circle cx=\\"4\\" cy=\\"4\\" r=\\"2\\" class=\\"dot\\"/></svg></div><div><svg height=\\"8\\" width=\\"8\\"><circle cx=\\"4\\" cy=\\"4\\" r=\\"2\\" class=\\"dot\\"/></svg></div><div><svg height=\\"8\\" width=\\"8\\"><circle cx=\\"4\\" cy=\\"4\\" r=\\"2\\" class=\\"dot\\"/></svg></div><div><svg height=\\"8\\" width=\\"8\\"><circle cx=\\"4\\" cy=\\"4\\" r=\\"2\\" class=\\"dot\\"/></svg></div><div><svg height=\\"8\\" width=\\"8\\"><circle cx=\\"4\\" cy=\\"4\\" r=\\"2\\" class=\\"dot\\"/></svg></div><div><svg height=\\"8\\" width=\\"8\\"><circle cx=\\"4\\" cy=\\"4\\" r=\\"2\\" class=\\"dot\\"/></svg></div><div><svg height=\\"8\\" width=\\"8\\"><circle cx=\\"4\\" cy=\\"4\\" r=\\"2\\" class=\\"dot\\"/></svg></div><div><svg height=\\"8\\" width=\\"8\\"><circle cx=\\"4\\" cy=\\"4\\" r=\\"2\\" class=\\"dot\\"/></svg></div><div><svg height=\\"8\\" width=\\"8\\"><circle cx=\\"4\\" cy=\\"4\\" r=\\"2\\" class=\\"dot\\"/></svg></div><div><svg height=\\"8\\" width=\\"8\\"><circle cx=\\"4\\" cy=\\"4\\" r=\\"2\\" class=\\"dot\\"/></svg></div><div><svg height=\\"8\\" width=\\"8\\"><circle cx=\\"4\\" cy=\\"4\\" r=\\"2\\" class=\\"dot\\"/></svg></div><div><svg height=\\"8\\" width=\\"8\\"><circle cx=\\"4\\" cy=\\"4\\" r=\\"2\\" class=\\"dot\\"/></svg></div><div><svg height=\\"8\\" width=\\"8\\"><circle cx=\\"4\\" cy=\\"4\\" r=\\"2\\" class=\\"dot\\"/></svg></div><div><svg height=\\"8\\" width=\\"8\\"><circle cx=\\"4\\" cy=\\"4\\" r=\\"2\\" class=\\"dot\\"/></svg></div><div><svg height=\\"8\\" width=\\"8\\"><circle cx=\\"4\\" cy=\\"4\\" r=\\"2\\" class=\\"dot\\"/></svg></div><div><svg height=\\"8\\" width=\\"8\\"><circle cx=\\"4\\" cy=\\"4\\" r=\\"2\\" class=\\"dot\\"/></svg></div><div><svg height=\\"8\\" width=\\"8\\"><circle cx=\\"4\\" cy=\\"4\\" r=\\"2\\" class=\\"dot\\"/></svg></div><div><svg height=\\"8\\" width=\\"8\\"><circle cx=\\"4\\" cy=\\"4\\" r=\\"2\\" class=\\"dot\\"/></svg></div><div><svg height=\\"8\\" width=\\"8\\"><circle cx=\\"4\\" cy=\\"4\\" r=\\"2\\" class=\\"dot\\"/></svg></div><div><svg height=\\"8\\" width=\\"8\\"><circle cx=\\"4\\" cy=\\"4\\" r=\\"2\\" class=\\"dot\\"/></svg></div><div><svg height=\\"8\\" width=\\"8\\"><circle cx=\\"4\\" cy=\\"4\\" r=\\"2\\" class=\\"dot\\"/></svg></div><div><svg height=\\"8\\" width=\\"8\\"><circle cx=\\"4\\" cy=\\"4\\" r=\\"2\\" class=\\"dot\\"/></svg></div><div><svg height=\\"8\\" width=\\"8\\"><circle cx=\\"4\\" cy=\\"4\\" r=\\"2\\" class=\\"dot\\"/></svg></div><div><svg height=\\"8\\" width=\\"8\\"><circle cx=\\"4\\" cy=\\"4\\" r=\\"2\\" class=\\"dot\\"/></svg></div><div><svg height=\\"8\\" width=\\"8\\"><circle cx=\\"4\\" cy=\\"4\\" r=\\"2\\" class=\\"dot\\"/></svg></div><div><svg height=\\"8\\" width=\\"8\\"><circle cx=\\"4\\" cy=\\"4\\" r=\\"2\\" class=\\"dot\\"/></svg></div><div><svg height=\\"8\\" width=\\"8\\"><circle cx=\\"4\\" cy=\\"4\\" r=\\"2\\" class=\\"dot\\"/></svg></div><div><svg height=\\"8\\" width=\\"8\\"><circle cx=\\"4\\" cy=\\"4\\" r=\\"2\\" class=\\"dot\\"/></svg></div><div><svg height=\\"8\\" width=\\"8\\"><circle cx=\\"4\\" cy=\\"4\\" r=\\"2\\" class=\\"dot\\"/></svg></div><div><svg height=\\"8\\" width=\\"8\\"><circle cx=\\"4\\" cy=\\"4\\" r=\\"2\\" class=\\"dot\\"/></svg></div><div><svg height=\\"8\\" width=\\"8\\"><circle cx=\\"4\\" cy=\\"4\\" r=\\"2\\" class=\\"dot\\"/></svg></div><div><svg height=\\"8\\" width=\\"8\\"><circle cx=\\"4\\" cy=\\"4\\" r=\\"2\\" class=\\"dot\\"/></svg></div><div><svg height=\\"8\\" width=\\"8\\"><circle cx=\\"4\\" cy=\\"4\\" r=\\"2\\" class=\\"dot\\"/></svg></div><div><svg height=\\"8\\" width=\\"8\\"><circle cx=\\"4\\" cy=\\"4\\" r=\\"2\\" class=\\"dot\\"/></svg></div><div><svg height=\\"8\\" width=\\"8\\"><circle cx=\\"4\\" cy=\\"4\\" r=\\"2\\" class=\\"dot\\"/></svg></div><div><svg height=\\"8\\" width=\\"8\\"><circle cx=\\"4\\" cy=\\"4\\" r=\\"2\\" class=\\"dot\\"/></svg></div><div><svg height=\\"8\\" width=\\"8\\"><circle cx=\\"4\\" cy=\\"4\\" r=\\"2\\" class=\\"dot\\"/></svg></div><div><svg height=\\"8\\" width=\\"8\\"><circle cx=\\"4\\" cy=\\"4\\" r=\\"2\\" class=\\"dot\\"/></svg></div><div><svg height=\\"8\\" width=\\"8\\"><circle cx=\\"4\\" cy=\\"4\\" r=\\"2\\" class=\\"dot\\"/></svg></div><div><svg height=\\"8\\" width=\\"8\\"><circle cx=\\"4\\" cy=\\"4\\" r=\\"2\\" class=\\"dot\\"/></svg></div><div><svg height=\\"8\\" width=\\"8\\"><circle cx=\\"4\\" cy=\\"4\\" r=\\"2\\" class=\\"dot\\"/></svg></div><div><svg height=\\"8\\" width=\\"8\\"><circle cx=\\"4\\" cy=\\"4\\" r=\\"2\\" class=\\"dot\\"/></svg></div><div><svg height=\\"8\\" width=\\"8\\"><circle cx=\\"4\\" cy=\\"4\\" r=\\"2\\" class=\\"dot\\"/></svg></div><div><svg height=\\"8\\" width=\\"8\\"><circle cx=\\"4\\" cy=\\"4\\" r=\\"2\\" class=\\"dot\\"/></svg></div><div><svg height=\\"8\\" width=\\"8\\"><circle cx=\\"4\\" cy=\\"4\\" r=\\"2\\" class=\\"dot\\"/></svg></div><div><svg height=\\"8\\" width=\\"8\\"><circle cx=\\"4\\" cy=\\"4\\" r=\\"2\\" class=\\"dot\\"/></svg></div><div><svg height=\\"8\\" width=\\"8\\"><circle cx=\\"4\\" cy=\\"4\\" r=\\"2\\" class=\\"dot\\"/></svg></div><div><svg height=\\"8\\" width=\\"8\\"><circle cx=\\"4\\" cy=\\"4\\" r=\\"2\\" class=\\"dot\\"/></svg></div><div><svg height=\\"8\\" width=\\"8\\"><circle cx=\\"4\\" cy=\\"4\\" r=\\"2\\" class=\\"dot\\"/></svg></div><div><svg height=\\"8\\" width=\\"8\\"><circle cx=\\"4\\" cy=\\"4\\" r=\\"2\\" class=\\"dot\\"/></svg></div><div><svg height=\\"8\\" width=\\"8\\"><circle cx=\\"4\\" cy=\\"4\\" r=\\"2\\" class=\\"dot\\"/></svg></div><div><svg height=\\"8\\" width=\\"8\\"><circle cx=\\"4\\" cy=\\"4\\" r=\\"2\\" class=\\"dot\\"/></svg></div><div><svg height=\\"8\\" width=\\"8\\"><circle cx=\\"4\\" cy=\\"4\\" r=\\"2\\" class=\\"dot\\"/></svg></div><div><svg height=\\"8\\" width=\\"8\\"><circle cx=\\"4\\" cy=\\"4\\" r=\\"2\\" class=\\"dot\\"/></svg></div><div><svg height=\\"8\\" width=\\"8\\"><circle cx=\\"4\\" cy=\\"4\\" r=\\"2\\" class=\\"dot\\"/></svg></div><div><svg height=\\"8\\" width=\\"8\\"><circle cx=\\"4\\" cy=\\"4\\" r=\\"2\\" class=\\"dot\\"/></svg></div><div><svg height=\\"8\\" width=\\"8\\"><circle cx=\\"4\\" cy=\\"4\\" r=\\"2\\" class=\\"dot\\"/></svg></div><div><svg height=\\"8\\" width=\\"8\\"><circle cx=\\"4\\" cy=\\"4\\" r=\\"2\\" class=\\"dot\\"/></svg></div><div><svg height=\\"8\\" width=\\"8\\"><circle cx=\\"4\\" cy=\\"4\\" r=\\"2\\" class=\\"dot\\"/></svg></div><div><svg height=\\"8\\" width=\\"8\\"><circle cx=\\"4\\" cy=\\"4\\" r=\\"2\\" class=\\"dot\\"/></svg></div><div><svg height=\\"8\\" width=\\"8\\"><circle cx=\\"4\\" cy=\\"4\\" r=\\"2\\" class=\\"dot\\"/></svg></div><div><svg height=\\"8\\" width=\\"8\\"><circle cx=\\"4\\" cy=\\"4\\" r=\\"2\\" class=\\"dot\\"/></svg></div><div><svg height=\\"8\\" width=\\"8\\"><circle cx=\\"4\\" cy=\\"4\\" r=\\"2\\" class=\\"dot\\"/></svg></div><div><svg height=\\"8\\" width=\\"8\\"><circle cx=\\"4\\" cy=\\"4\\" r=\\"2\\" class=\\"dot\\"/></svg></div><div><svg height=\\"8\\" width=\\"8\\"><circle cx=\\"4\\" cy=\\"4\\" r=\\"2\\" class=\\"dot\\"/></svg></div><div><svg height=\\"8\\" width=\\"8\\"><circle cx=\\"4\\" cy=\\"4\\" r=\\"2\\" class=\\"dot\\"/></svg></div>",
      }
    }
  />
</div>
`;
