// Jest Snapshot v1, https://goo.gl/fbAQLP

exports[`Divider should render without crashing 1`] = `
<div
  className="divider"
/>
`;
